
> kk-traders-backend@1.0.0 dev
> ts-node-dev -P tsconfig.json --respawn --transpile-only server.ts

[INFO] 14:39:21 ts-node-dev ver. 2.0.0 (using ts-node ver. 10.9.2, typescript ver. 5.9.3)
[dotenv@17.3.1] injecting env (13) from .env -- tip: ΓÜí∩╕Å secrets for agents: https://dotenvx.com/as2
[dotenv@17.3.1] injecting env (0) from .env -- tip: ΓÜÖ∩╕Å  specify custom .env file path with { path: '/custom/path/.env' }
Cloudinary Configured: { cloud_name: 'duapkwh8p', api_key: 'Present', api_secret: 'Present' }
[dotenv@17.3.1] injecting env (0) from .env -- tip: ≡ƒ¢í∩╕Å auth for agents: https://vestauth.com
Server running in development mode on port 5000
MongoDB Connected Successful: ac-qgx2qzr-shard-00-00.4gwixt3.mongodb.net
[INFO] 15:03:12 Restarting: C:\Users\asitm\Desktop\Office\Projects\kk-traders\backend\controllers\productController.ts has been modified
[dotenv@17.3.1] injecting env (13) from .env -- tip: ΓÜí∩╕Å secrets for agents: https://dotenvx.com/as2
[dotenv@17.3.1] injecting env (0) from .env -- tip: ΓÜÖ∩╕Å  enable debug logging with { debug: true }
Cloudinary Configured: { cloud_name: 'duapkwh8p', api_key: 'Present', api_secret: 'Present' }
[dotenv@17.3.1] injecting env (0) from .env -- tip: ≡ƒ¢í∩╕Å auth for agents: https://vestauth.com
Server running in development mode on port 5000
MongoDB Connected Successful: ac-qgx2qzr-shard-00-01.4gwixt3.mongodb.net
[INFO] 15:03:41 Restarting: C:\Users\asitm\Desktop\Office\Projects\kk-traders\backend\controllers\productController.ts has been modified
[dotenv@17.3.1] injecting env (13) from .env -- tip: ΓÜÖ∩╕Å  specify custom .env file path with { path: '/custom/path/.env' }
[dotenv@17.3.1] injecting env (0) from .env -- tip: ≡ƒñû agentic secret storage: https://dotenvx.com/as2
Cloudinary Configured: { cloud_name: 'duapkwh8p', api_key: 'Present', api_secret: 'Present' }
[dotenv@17.3.1] injecting env (0) from .env -- tip: ΓÜÖ∩╕Å  suppress all logs with { quiet: true }
Server running in development mode on port 5000
MongoDB Connected Successful: ac-qgx2qzr-shard-00-02.4gwixt3.mongodb.net
[0mGET /api/products [32m200[0m 1045.674 ms - 49892[0m
[0mGET /api/products [36m304[0m 501.749 ms - -[0m
Creating product with data: {
  productCode: 'ERROR-TEST-001',
  productName: 'Debug Product',
  productCategory: 'Garment',
  productSubCategory: '',
  productDescription: '',
  hsnCode: '',
  sacCode: '',
  specifications: '{"yarn":{"count":"","ply":"Single","blendComposition":"","twist":"S","strength":"","evenness":"","imperfections":"","moistureContent":"","oilContent":"","packageType":"","packageWeight":""},"fabric":{"construction":"","gsm":"","width":"","rollLength":"","shrinkagePercentage":"","spiralityPercentage":"","pillingResistance":"","color":"","shadeCode":"","finishType":""},"garment":{"style":"","sleeveType":"","fit":"","availableSizes":"","availableColors":"","fabricComposition":"","washCareInstructions":"","season":"","gender":""},"thread":{"type":"","count":"","color":"","lengthPerUnit":"","strength":""},"button":{"type":"","size":"","holes":"","color":""},"packing":{"type":"","size":"","thickness":"","material":"","printingDetails":""}}',
  inventory: '{"unitOfMeasure":"Pieces","reorderLevel":0,"reorderQuantity":0,"safetyStock":0,"currentStock":0,"batchTracking":false,"serialTracking":false,"expiryTracking":false}',
  costing: '{"standardCost":0,"averageCost":0}',
  pricing: '[]',
  qualityParameters: '[]',
  bom: '[]',
  status: 'Active'
}
File upload: undefined
Final productData for Mongoose: {
  "productCode": "ERROR-TEST-001",
  "productName": "Debug Product",
  "productCategory": "Garment",
  "productSubCategory": "",
  "productDescription": "",
  "hsnCode": "",
  "sacCode": "",
  "specifications": {
    "yarn": {
      "count": "",
      "ply": "Single",
      "blendComposition": "",
      "twist": "S",
      "strength": "",
      "evenness": "",
      "imperfections": "",
      "moistureContent": "",
      "oilContent": "",
      "packageType": "",
      "packageWeight": ""
    },
    "fabric": {
      "construction": "",
      "gsm": "",
      "width": "",
      "rollLength": "",
      "shrinkagePercentage": "",
      "spiralityPercentage": "",
      "pillingResistance": "",
      "color": "",
      "shadeCode": "",
      "finishType": ""
    },
    "garment": {
      "style": "",
      "sleeveType": "",
      "fit": "",
      "availableSizes": "",
      "availableColors": "",
      "fabricComposition": "",
      "washCareInstructions": "",
      "season": "",
      "gender": ""
    },
    "thread": {
      "type": "",
      "count": "",
      "color": "",
      "lengthPerUnit": "",
      "strength": ""
    },
    "button": {
      "type": "",
      "size": "",
      "holes": "",
      "color": ""
    },
    "packing": {
      "type": "",
      "size": "",
      "thickness": "",
      "material": "",
      "printingDetails": ""
    }
  },
  "inventory": {
    "unitOfMeasure": "Pieces",
    "reorderLevel": 0,
    "reorderQuantity": 0,
    "safetyStock": 0,
    "currentStock": 0,
    "batchTracking": false,
    "serialTracking": false,
    "expiryTracking": false
  },
  "costing": {
    "standardCost": 0,
    "averageCost": 0
  },
  "pricing": [],
  "qualityParameters": [],
  "bom": [],
  "status": "Active"
}
Saved product: {
  productCode: 'ERROR-TEST-001',
  productCategory: 'Garment',
  productSubCategory: '',
  productName: 'Debug Product',
  productDescription: '',
  hsnCode: '',
  sacCode: '',
  specifications: {
    yarn: {
      count: '',
      ply: 'Single',
      blendComposition: '',
      twist: 'S',
      strength: '',
      evenness: '',
      imperfections: '',
      moistureContent: '',
      oilContent: '',
      packageType: '',
      packageWeight: ''
    },
    fabric: {
      construction: '',
      gsm: '',
      width: '',
      rollLength: '',
      shrinkagePercentage: '',
      spiralityPercentage: '',
      pillingResistance: '',
      color: '',
      shadeCode: '',
      finishType: ''
    },
    garment: {
      style: '',
      sleeveType: '',
      fit: '',
      availableSizes: '',
      availableColors: '',
      fabricComposition: '',
      washCareInstructions: '',
      season: '',
      gender: ''
    },
    thread: { type: '', count: '', color: '', lengthPerUnit: '', strength: '' },
    button: { type: '', size: '', holes: '', color: '' },
    packing: {
      type: '',
      size: '',
      thickness: '',
      material: '',
      printingDetails: ''
    }
  },
  inventory: {
    unitOfMeasure: 'Pieces',
    reorderLevel: 0,
    reorderQuantity: 0,
    safetyStock: 0,
    currentStock: 0,
    batchTracking: false,
    serialTracking: false,
    expiryTracking: false,
    conversionFactors: [],
    stockLocation: []
  },
  pricing: [],
  costing: { standardCost: 0, averageCost: 0 },
  qualityParameters: [],
  bom: [],
  status: 'Active',
  createdBy: new ObjectId('699c58c20ed8ffc62c293bbc'),
  _id: new ObjectId('69be67792c037a44fc967388'),
  images: [],
  createdAt: 2026-03-21T09:40:09.583Z,
  updatedAt: 2026-03-21T09:40:09.583Z,
  __v: 0
}
[0mPOST /api/products [32m201[0m 1197.526 ms - 1422[0m
[0mGET /api/products [32m200[0m 984.993 ms - 51791[0m
Creating product with data: {
  productCode: 'ERROR-TEST-001',
  productName: 'Debug Product',
  productCategory: 'Garment',
  productSubCategory: '',
  productDescription: '',
  hsnCode: '',
  sacCode: '',
  specifications: '{"yarn":{"count":"","ply":"Single","blendComposition":"","twist":"S","strength":"","evenness":"","imperfections":"","moistureContent":"","oilContent":"","packageType":"","packageWeight":""},"fabric":{"construction":"","gsm":"","width":"","rollLength":"","shrinkagePercentage":"","spiralityPercentage":"","pillingResistance":"","color":"","shadeCode":"","finishType":""},"garment":{"style":"","sleeveType":"","fit":"","availableSizes":"","availableColors":"","fabricComposition":"","washCareInstructions":"","season":"","gender":""},"thread":{"type":"","count":"","color":"","lengthPerUnit":"","strength":""},"button":{"type":"","size":"","holes":"","color":""},"packing":{"type":"","size":"","thickness":"","material":"","printingDetails":""}}',
  inventory: '{"unitOfMeasure":"Pieces","reorderLevel":0,"reorderQuantity":0,"safetyStock":0,"currentStock":0,"batchTracking":false,"serialTracking":false,"expiryTracking":false}',
  costing: '{"standardCost":0,"averageCost":0}',
  pricing: '[]',
  qualityParameters: '[]',
  bom: '[]',
  status: 'Active'
}
File upload: undefined
Final productData for Mongoose: {
  "productCode": "ERROR-TEST-001",
  "productName": "Debug Product",
  "productCategory": "Garment",
  "productSubCategory": "",
  "productDescription": "",
  "hsnCode": "",
  "sacCode": "",
  "specifications": {
    "yarn": {
      "count": "",
      "ply": "Single",
      "blendComposition": "",
      "twist": "S",
      "strength": "",
      "evenness": "",
      "imperfections": "",
      "moistureContent": "",
      "oilContent": "",
      "packageType": "",
      "packageWeight": ""
    },
    "fabric": {
      "construction": "",
      "gsm": "",
      "width": "",
      "rollLength": "",
      "shrinkagePercentage": "",
      "spiralityPercentage": "",
      "pillingResistance": "",
      "color": "",
      "shadeCode": "",
      "finishType": ""
    },
    "garment": {
      "style": "",
      "sleeveType": "",
      "fit": "",
      "availableSizes": "",
      "availableColors": "",
      "fabricComposition": "",
      "washCareInstructions": "",
      "season": "",
      "gender": ""
    },
    "thread": {
      "type": "",
      "count": "",
      "color": "",
      "lengthPerUnit": "",
      "strength": ""
    },
    "button": {
      "type": "",
      "size": "",
      "holes": "",
      "color": ""
    },
    "packing": {
      "type": "",
      "size": "",
      "thickness": "",
      "material": "",
      "printingDetails": ""
    }
  },
  "inventory": {
    "unitOfMeasure": "Pieces",
    "reorderLevel": 0,
    "reorderQuantity": 0,
    "safetyStock": 0,
    "currentStock": 0,
    "batchTracking": false,
    "serialTracking": false,
    "expiryTracking": false
  },
  "costing": {
    "standardCost": 0,
    "averageCost": 0
  },
  "pricing": [],
  "qualityParameters": [],
  "bom": [],
  "status": "Active"
}
[0mPOST /api/products [33m400[0m 5069.720 ms - 137[0m
Creating product with data: {
  productCode: 'ERROR-TEST-001',
  productName: 'Debug Product',
  productCategory: 'Garment',
  productSubCategory: '',
  productDescription: '',
  hsnCode: '',
  sacCode: '',
  specifications: '{"yarn":{"count":"","ply":"Single","blendComposition":"","twist":"S","strength":"","evenness":"","imperfections":"","moistureContent":"","oilContent":"","packageType":"","packageWeight":""},"fabric":{"construction":"","gsm":"","width":"","rollLength":"","shrinkagePercentage":"","spiralityPercentage":"","pillingResistance":"","color":"","shadeCode":"","finishType":""},"garment":{"style":"","sleeveType":"","fit":"","availableSizes":"","availableColors":"","fabricComposition":"","washCareInstructions":"","season":"","gender":""},"thread":{"type":"","count":"","color":"","lengthPerUnit":"","strength":""},"button":{"type":"","size":"","holes":"","color":""},"packing":{"type":"","size":"","thickness":"","material":"","printingDetails":""}}',
  inventory: '{"unitOfMeasure":"Pieces","reorderLevel":0,"reorderQuantity":0,"safetyStock":0,"currentStock":0,"batchTracking":false,"serialTracking":false,"expiryTracking":false}',
  costing: '{"standardCost":0,"averageCost":0}',
  pricing: '[]',
  qualityParameters: '[]',
  bom: '[]',
  status: 'Active'
}
File upload: undefined
Final productData for Mongoose: {
  "productCode": "ERROR-TEST-001",
  "productName": "Debug Product",
  "productCategory": "Garment",
  "productSubCategory": "",
  "productDescription": "",
  "hsnCode": "",
  "sacCode": "",
  "specifications": {
    "yarn": {
      "count": "",
      "ply": "Single",
      "blendComposition": "",
      "twist": "S",
      "strength": "",
      "evenness": "",
      "imperfections": "",
      "moistureContent": "",
      "oilContent": "",
      "packageType": "",
      "packageWeight": ""
    },
    "fabric": {
      "construction": "",
      "gsm": "",
      "width": "",
      "rollLength": "",
      "shrinkagePercentage": "",
      "spiralityPercentage": "",
      "pillingResistance": "",
      "color": "",
      "shadeCode": "",
      "finishType": ""
    },
    "garment": {
      "style": "",
      "sleeveType": "",
      "fit": "",
      "availableSizes": "",
      "availableColors": "",
      "fabricComposition": "",
      "washCareInstructions": "",
      "season": "",
      "gender": ""
    },
    "thread": {
      "type": "",
      "count": "",
      "color": "",
      "lengthPerUnit": "",
      "strength": ""
    },
    "button": {
      "type": "",
      "size": "",
      "holes": "",
      "color": ""
    },
    "packing": {
      "type": "",
      "size": "",
      "thickness": "",
      "material": "",
      "printingDetails": ""
    }
  },
  "inventory": {
    "unitOfMeasure": "Pieces",
    "reorderLevel": 0,
    "reorderQuantity": 0,
    "safetyStock": 0,
    "currentStock": 0,
    "batchTracking": false,
    "serialTracking": false,
    "expiryTracking": false
  },
  "costing": {
    "standardCost": 0,
    "averageCost": 0
  },
  "pricing": [],
  "qualityParameters": [],
  "bom": [],
  "status": "Active"
}
[0mPOST /api/products [33m400[0m 21737.316 ms - 137[0m
Creating product with data: {
  productCode: 'ERROR-TEST-001',
  productName: 'Debug Product',
  productCategory: 'Garment',
  productSubCategory: '',
  productDescription: '',
  hsnCode: '',
  sacCode: '',
  specifications: '{"yarn":{"count":"","ply":"Single","blendComposition":"","twist":"S","strength":"","evenness":"","imperfections":"","moistureContent":"","oilContent":"","packageType":"","packageWeight":""},"fabric":{"construction":"","gsm":"","width":"","rollLength":"","shrinkagePercentage":"","spiralityPercentage":"","pillingResistance":"","color":"","shadeCode":"","finishType":""},"garment":{"style":"","sleeveType":"","fit":"","availableSizes":"","availableColors":"","fabricComposition":"","washCareInstructions":"","season":"","gender":""},"thread":{"type":"","count":"","color":"","lengthPerUnit":"","strength":""},"button":{"type":"","size":"","holes":"","color":""},"packing":{"type":"","size":"","thickness":"","material":"","printingDetails":""}}',
  inventory: '{"unitOfMeasure":"Pieces","reorderLevel":0,"reorderQuantity":0,"safetyStock":0,"currentStock":0,"batchTracking":false,"serialTracking":false,"expiryTracking":false}',
  costing: '{"standardCost":0,"averageCost":0}',
  pricing: '[]',
  qualityParameters: '[]',
  bom: '[]',
  status: 'Active'
}
File upload: undefined
Final productData for Mongoose: {
  "productCode": "ERROR-TEST-001",
  "productName": "Debug Product",
  "productCategory": "Garment",
  "productSubCategory": "",
  "productDescription": "",
  "hsnCode": "",
  "sacCode": "",
  "specifications": {
    "yarn": {
      "count": "",
      "ply": "Single",
      "blendComposition": "",
      "twist": "S",
      "strength": "",
      "evenness": "",
      "imperfections": "",
      "moistureContent": "",
      "oilContent": "",
      "packageType": "",
      "packageWeight": ""
    },
    "fabric": {
      "construction": "",
      "gsm": "",
      "width": "",
      "rollLength": "",
      "shrinkagePercentage": "",
      "spiralityPercentage": "",
      "pillingResistance": "",
      "color": "",
      "shadeCode": "",
      "finishType": ""
    },
    "garment": {
      "style": "",
      "sleeveType": "",
      "fit": "",
      "availableSizes": "",
      "availableColors": "",
      "fabricComposition": "",
      "washCareInstructions": "",
      "season": "",
      "gender": ""
    },
    "thread": {
      "type": "",
      "count": "",
      "color": "",
      "lengthPerUnit": "",
      "strength": ""
    },
    "button": {
      "type": "",
      "size": "",
      "holes": "",
      "color": ""
    },
    "packing": {
      "type": "",
      "size": "",
      "thickness": "",
      "material": "",
      "printingDetails": ""
    }
  },
  "inventory": {
    "unitOfMeasure": "Pieces",
    "reorderLevel": 0,
    "reorderQuantity": 0,
    "safetyStock": 0,
    "currentStock": 0,
    "batchTracking": false,
    "serialTracking": false,
    "expiryTracking": false
  },
  "costing": {
    "standardCost": 0,
    "averageCost": 0
  },
  "pricing": [],
  "qualityParameters": [],
  "bom": [],
  "status": "Active"
}
[0mPOST /api/products [33m400[0m 292.461 ms - 137[0m
[INFO] 15:20:02 Restarting: C:\Users\asitm\Desktop\Office\Projects\kk-traders\backend\controllers\productController.ts has been modified
[dotenv@17.3.1] injecting env (13) from .env -- tip: ΓÜÖ∩╕Å  specify custom .env file path with { path: '/custom/path/.env' }
[dotenv@17.3.1] injecting env (0) from .env -- tip: ≡ƒöÉ prevent committing .env to code: https://dotenvx.com/precommit
Cloudinary Configured: { cloud_name: 'duapkwh8p', api_key: 'Present', api_secret: 'Present' }
[dotenv@17.3.1] injecting env (0) from .env -- tip: ≡ƒöÉ prevent committing .env to code: https://dotenvx.com/precommit
Server running in development mode on port 5000
MongoDB Connected Successful: ac-qgx2qzr-shard-00-00.4gwixt3.mongodb.net
Creating product with data: {
  productCode: 'GRM-606-T20',
  productName: 'T-Shirt 2',
  productCategory: 'Accessory',
  productSubCategory: 'Button',
  specifications: '{"yarn":{"ply":"Single","twist":"S"},"thread":{"type":"Polyester","count":"40/2","color":"White","lengthPerUnit":"5000","strength":"high"},"button":{"type":"Metal","size":"20L","holes":"6","color":"Black"}}',
  inventory: '{"unitOfMeasure":"Meters","reorderLevel":0,"reorderQuantity":0,"safetyStock":0,"currentStock":220,"batchTracking":false,"serialTracking":false,"expiryTracking":false}',
  costing: '{"standardCost":100,"averageCost":50}',
  pricing: '[]',
  qualityParameters: '[]',
  bom: '[]',
  status: 'Active'
}
File upload: undefined
Final productData for Mongoose: {
  "productCode": "GRM-606-T20",
  "productName": "T-Shirt 2",
  "productCategory": "Accessory",
  "productSubCategory": "Button",
  "specifications": {
    "yarn": {
      "ply": "Single",
      "twist": "S"
    },
    "thread": {
      "type": "Polyester",
      "count": "40/2",
      "color": "White",
      "lengthPerUnit": "5000",
      "strength": "high"
    },
    "button": {
      "type": "Metal",
      "size": "20L",
      "holes": "6",
      "color": "Black"
    }
  },
  "inventory": {
    "unitOfMeasure": "Meters",
    "reorderLevel": 0,
    "reorderQuantity": 0,
    "safetyStock": 0,
    "currentStock": 220,
    "batchTracking": false,
    "serialTracking": false,
    "expiryTracking": false
  },
  "costing": {
    "standardCost": 100,
    "averageCost": 50
  },
  "pricing": [],
  "qualityParameters": [],
  "bom": [],
  "status": "Active"
}
[0mPOST /api/products [33m400[0m 2841.833 ms - 134[0m
[0mGET /api/employees [36m304[0m 966.923 ms - -[0m
[0mGET /api/employees [36m304[0m 406.974 ms - -[0m
[0mGET /api/products [32m200[0m 335.854 ms - 51791[0m
[0mGET /api/products [36m304[0m 289.550 ms - -[0m
[0mGET /api/products [36m304[0m 401.276 ms - -[0m
[0mGET /api/products [36m304[0m 269.887 ms - -[0m
Creating product with data: {
  productCode: 'YRN-20T90',
  productName: 'T-shirt 2',
  productCategory: 'Accessory',
  productSubCategory: 'Button',
  specifications: '{"yarn":{"ply":"Single","twist":"S"},"thread":{"type":"Polyester","count":"30/2","color":"White","lengthPerUnit":"300m","strength":"High"},"button":{"type":"Metal","size":"20L","holes":"3","color":"Black"}}',
  inventory: '{"unitOfMeasure":"Pieces","reorderLevel":0,"reorderQuantity":0,"safetyStock":0,"currentStock":200,"batchTracking":false,"serialTracking":false,"expiryTracking":false}',
  costing: '{"standardCost":1000,"averageCost":170}',
  pricing: '[]',
  qualityParameters: '[{"parameter":"GSM","standardValue":"180","toleranceMin":"-5","toleranceMax":"+5","unit":"mm"}]',
  bom: '[]',
  status: 'Active'
}
File upload: undefined
Final productData for Mongoose: {
  "productCode": "YRN-20T90",
  "productName": "T-shirt 2",
  "productCategory": "Accessory",
  "productSubCategory": "Button",
  "specifications": {
    "yarn": {
      "ply": "Single",
      "twist": "S"
    },
    "thread": {
      "type": "Polyester",
      "count": "30/2",
      "color": "White",
      "lengthPerUnit": "300m",
      "strength": "High"
    },
    "button": {
      "type": "Metal",
      "size": "20L",
      "holes": "3",
      "color": "Black"
    }
  },
  "inventory": {
    "unitOfMeasure": "Pieces",
    "reorderLevel": 0,
    "reorderQuantity": 0,
    "safetyStock": 0,
    "currentStock": 200,
    "batchTracking": false,
    "serialTracking": false,
    "expiryTracking": false
  },
  "costing": {
    "standardCost": 1000,
    "averageCost": 170
  },
  "pricing": [],
  "qualityParameters": [
    {
      "parameter": "GSM",
      "standardValue": "180",
      "toleranceMin": "-5",
      "toleranceMax": "+5",
      "unit": "mm"
    }
  ],
  "bom": [],
  "status": "Active"
}
Saved product: {
  productCode: 'YRN-20T90',
  productCategory: 'Accessory',
  productSubCategory: 'Button',
  productName: 'T-shirt 2',
  specifications: {
    yarn: { ply: 'Single', twist: 'S' },
    thread: {
      type: 'Polyester',
      count: '30/2',
      color: 'White',
      lengthPerUnit: '300m',
      strength: 'High'
    },
    button: { type: 'Metal', size: '20L', holes: '3', color: 'Black' }
  },
  inventory: {
    unitOfMeasure: 'Pieces',
    reorderLevel: 0,
    reorderQuantity: 0,
    safetyStock: 0,
    currentStock: 200,
    batchTracking: false,
    serialTracking: false,
    expiryTracking: false,
    conversionFactors: [],
    stockLocation: []
  },
  pricing: [],
  costing: { standardCost: 1000, averageCost: 170 },
  qualityParameters: [
    {
      parameter: 'GSM',
      standardValue: '180',
      toleranceMin: '-5',
      toleranceMax: '+5',
      unit: 'mm',
      _id: new ObjectId('69be6a9175ffdd515195e03e')
    }
  ],
  bom: [],
  status: 'Active',
  createdBy: new ObjectId('699c58c20ed8ffc62c293bbc'),
  _id: new ObjectId('69be6a9175ffdd515195e03d'),
  images: [],
  createdAt: 2026-03-21T09:53:21.300Z,
  updatedAt: 2026-03-21T09:53:21.300Z,
  __v: 0
}
[0mPOST /api/products [32m201[0m 262.055 ms - 967[0m
[0mGET /api/products [32m200[0m 278.686 ms - 53235[0m
[0mGET /api/sales-enquiries [36m304[0m 284.860 ms - -[0m
[0mGET /api/sales-quotations [36m304[0m 303.916 ms - -[0m
[0mGET /api/order-allocations [36m304[0m 315.634 ms - -[0m
[0mGET /api/sales-orders [32m200[0m 372.314 ms - 21425[0m
[0mGET /api/sales-enquiries [36m304[0m 261.632 ms - -[0m
[0mGET /api/sales-quotations [36m304[0m 294.173 ms - -[0m
[0mGET /api/order-allocations [36m304[0m 299.131 ms - -[0m
[0mGET /api/sales-orders [32m200[0m 377.078 ms - 21425[0m
[0mGET /api/parties [36m304[0m 364.155 ms - -[0m
[0mGET /api/products [36m304[0m 371.560 ms - -[0m
[0mGET /api/sales-enquiries [36m304[0m 392.133 ms - -[0m
[0mGET /api/employees [36m304[0m 441.404 ms - -[0m
[0mGET /api/products [36m304[0m 276.089 ms - -[0m
[0mGET /api/parties [36m304[0m 321.812 ms - -[0m
[0mGET /api/sales-enquiries [36m304[0m 320.956 ms - -[0m
[0mGET /api/employees [36m304[0m 351.458 ms - -[0m
[0mGET /api/sales-enquiries [36m304[0m 13032.811 ms - -[0m
[0mGET /api/sales-quotations [36m304[0m 13127.880 ms - -[0m
[0mGET /api/order-allocations [36m304[0m 13539.017 ms - -[0m
[0mGET /api/sales-quotations [36m304[0m 427.253 ms - -[0m
[0mGET /api/sales-orders [32m200[0m 13628.913 ms - 21425[0m
[0mGET /api/order-allocations [36m304[0m 242.784 ms - -[0m
[0mGET /api/sales-orders [32m200[0m 274.009 ms - 21425[0m
[0mGET /api/sales-enquiries [36m304[0m 906.045 ms - -[0m
[0mGET /api/sales-enquiries [36m304[0m 332.773 ms - -[0m
[0mGET /api/employees [36m304[0m 412.050 ms - -[0m
[0mGET /api/sales-enquiries [36m304[0m 346.216 ms - -[0m
[0mGET /api/employees [36m304[0m 299.488 ms - -[0m
[0mGET /api/parties [36m304[0m 907.882 ms - -[0m
[0mGET /api/products [36m304[0m 994.331 ms - -[0m
[0mGET /api/parties [36m304[0m 320.960 ms - -[0m
[0mGET /api/products [36m304[0m 330.206 ms - -[0m
[0mGET /api/sales-enquiries [36m304[0m 308.139 ms - -[0m
[0mGET /api/products [36m304[0m 332.796 ms - -[0m
[0mGET /api/parties [36m304[0m 338.847 ms - -[0m
[0mGET /api/sales-enquiries [36m304[0m 304.987 ms - -[0m
[0mGET /api/products [36m304[0m 304.449 ms - -[0m
[0mGET /api/parties [36m304[0m 323.131 ms - -[0m
[0mGET /api/sales-quotations [36m304[0m 984.475 ms - -[0m
[0mGET /api/sales-quotations [36m304[0m 329.753 ms - -[0m
[0mGET /api/sales-quotations [36m304[0m 318.180 ms - -[0m
[0mGET /api/products [36m304[0m 338.138 ms - -[0m
[0mGET /api/parties [36m304[0m 344.590 ms - -[0m
[0mGET /api/sales-orders [32m200[0m 386.535 ms - 21425[0m
[0mGET /api/sales-quotations [36m304[0m 289.671 ms - -[0m
[0mGET /api/products [36m304[0m 281.138 ms - -[0m
[0mGET /api/parties [36m304[0m 294.682 ms - -[0m
[0mGET /api/sales-orders [32m200[0m 406.124 ms - 21425[0m
[0mGET /api/companies [36m304[0m 180.987 ms - -[0m
[0mGET /api/products [36m304[0m 316.257 ms - -[0m
[0mGET /api/locations [36m304[0m 314.413 ms - -[0m
[0mGET /api/parties [36m304[0m 335.899 ms - -[0m
[0mGET /api/companies [36m304[0m 218.144 ms - -[0m
[0mGET /api/employees [36m304[0m 410.856 ms - -[0m
[0mGET /api/products [36m304[0m 304.141 ms - -[0m
[0mGET /api/locations [36m304[0m 306.237 ms - -[0m
[0mGET /api/parties [36m304[0m 312.085 ms - -[0m
[0mGET /api/employees [36m304[0m 341.959 ms - -[0m
[0mGET /api/products [36m304[0m 255.724 ms - -[0m
[0mGET /api/products [36m304[0m 257.649 ms - -[0m
[0mGET /api/sales-enquiries [36m304[0m 416.320 ms - -[0m
[0mGET /api/sales-quotations [36m304[0m 425.192 ms - -[0m
[0mGET /api/sales-orders [32m200[0m 499.769 ms - 21425[0m
[0mGET /api/order-allocations [36m304[0m 509.815 ms - -[0m
[0mGET /api/sales-enquiries [36m304[0m 266.320 ms - -[0m
[0mGET /api/sales-quotations [36m304[0m 279.059 ms - -[0m
[0mGET /api/order-allocations [36m304[0m 267.236 ms - -[0m
[0mGET /api/sales-orders [32m200[0m 343.841 ms - 21425[0m
[0mGET /api/parties [36m304[0m 303.665 ms - -[0m
[0mGET /api/products [36m304[0m 313.852 ms - -[0m
[0mGET /api/sales-enquiries [36m304[0m 349.004 ms - -[0m
[0mGET /api/employees [36m304[0m 392.846 ms - -[0m
[0mGET /api/products [36m304[0m 218.327 ms - -[0m
[0mGET /api/parties [36m304[0m 278.525 ms - -[0m
[0mGET /api/sales-enquiries [36m304[0m 298.043 ms - -[0m
[0mGET /api/employees [36m304[0m 328.690 ms - -[0m
[0mGET /api/purchase-quotations [32m200[0m 1316.314 ms - 22855[0m
[0mGET /api/purchase-enquiries [32m200[0m 1410.150 ms - 20356[0m
[0mGET /api/purchase-orders [32m200[0m 1806.589 ms - 26032[0m
[0mGET /api/grns [32m200[0m 1902.427 ms - 5610[0m
[0mGET /api/purchase-quotations [36m304[0m 656.032 ms - -[0m
[0mGET /api/purchase-enquiries [36m304[0m 655.113 ms - -[0m
[0mGET /api/purchase-invoices [32m200[0m 2094.491 ms - 18542[0m
[0mGET /api/purchase-orders [32m200[0m 439.364 ms - 26032[0m
[0mGET /api/purchase-invoices [36m304[0m 320.401 ms - -[0m
[0mGET /api/grns [36m304[0m 902.557 ms - -[0m
[0mGET /api/sales-quotations [36m304[0m 277.190 ms - -[0m
[0mGET /api/sales-enquiries [36m304[0m 299.737 ms - -[0m
[0mGET /api/sales-quotations [36m304[0m 287.010 ms - -[0m
[0mGET /api/sales-enquiries [36m304[0m 270.887 ms - -[0m
[0mGET /api/order-allocations [36m304[0m 856.492 ms - -[0m
[0mGET /api/sales-orders [32m200[0m 864.890 ms - 21425[0m
[0mGET /api/order-allocations [36m304[0m 284.294 ms - -[0m
[0mGET /api/sales-orders [32m200[0m 380.995 ms - 21425[0m
[0mGET /api/products [36m304[0m 323.969 ms - -[0m
[0mGET /api/sales-enquiries [36m304[0m 337.083 ms - -[0m
[0mGET /api/parties [36m304[0m 344.266 ms - -[0m
[0mGET /api/employees [36m304[0m 423.514 ms - -[0m
[0mGET /api/products [36m304[0m 281.310 ms - -[0m
[0mGET /api/sales-enquiries [36m304[0m 297.384 ms - -[0m
[0mGET /api/parties [36m304[0m 295.527 ms - -[0m
[0mGET /api/employees [36m304[0m 416.785 ms - -[0m
[0mGET /api/sales-quotations [36m304[0m 303.157 ms - -[0m
[0mGET /api/parties [36m304[0m 315.765 ms - -[0m
[0mGET /api/sales-enquiries [36m304[0m 333.869 ms - -[0m
[0mGET /api/products [36m304[0m 335.003 ms - -[0m
[0mGET /api/sales-quotations [36m304[0m 271.327 ms - -[0m
[0mGET /api/parties [36m304[0m 263.228 ms - -[0m
[0mGET /api/products [36m304[0m 312.575 ms - -[0m
[0mGET /api/sales-enquiries [36m304[0m 328.058 ms - -[0m
[0mGET /api/products [36m304[0m 368.592 ms - -[0m
[0mGET /api/sales-quotations [36m304[0m 388.005 ms - -[0m
[0mGET /api/parties [36m304[0m 394.948 ms - -[0m
[0mGET /api/sales-orders [32m200[0m 448.875 ms - 21425[0m
[0mGET /api/products [36m304[0m 274.407 ms - -[0m
[0mGET /api/sales-quotations [36m304[0m 265.672 ms - -[0m
[0mGET /api/parties [36m304[0m 286.531 ms - -[0m
[0mGET /api/sales-orders [32m200[0m 394.484 ms - 21425[0m
[0mGET /api/sales-enquiries [36m304[0m 306.969 ms - -[0m
[0mGET /api/products [36m304[0m 314.102 ms - -[0m
[0mGET /api/parties [36m304[0m 362.719 ms - -[0m
[0mGET /api/employees [36m304[0m 383.801 ms - -[0m
[0mGET /api/products [36m304[0m 256.855 ms - -[0m
[0mGET /api/sales-enquiries [36m304[0m 282.771 ms - -[0m
[0mGET /api/parties [36m304[0m 282.480 ms - -[0m
[0mGET /api/employees [36m304[0m 424.172 ms - -[0m
[0mGET /api/products [36m304[0m 292.602 ms - -[0m
[0mGET /api/sales-enquiries [36m304[0m 310.377 ms - -[0m
[0mGET /api/parties [36m304[0m 315.367 ms - -[0m
[0mGET /api/sales-quotations [36m304[0m 328.800 ms - -[0m
[0mGET /api/products [36m304[0m 255.511 ms - -[0m
[0mGET /api/sales-enquiries [36m304[0m 342.042 ms - -[0m
[0mGET /api/parties [36m304[0m 346.846 ms - -[0m
[0mGET /api/sales-quotations [36m304[0m 358.805 ms - -[0m
[0mGET /api/sales-enquiries [36m304[0m 807.433 ms - -[0m
[0mGET /api/products [36m304[0m 911.566 ms - -[0m
[0mGET /api/parties [36m304[0m 971.531 ms - -[0m
[0mGET /api/employees [36m304[0m 1136.831 ms - -[0m
[0mGET /api/sales-enquiries [36m304[0m 461.226 ms - -[0m
[0mGET /api/products [36m304[0m 420.962 ms - -[0m
[0mGET /api/parties [36m304[0m 812.322 ms - -[0m
[0mGET /api/employees [36m304[0m 774.553 ms - -[0m
[0mGET /api/companies [36m304[0m 247.610 ms - -[0m
[0mGET /api/parties [36m304[0m 335.526 ms - -[0m
[0mGET /api/locations [36m304[0m 332.887 ms - -[0m
[0mGET /api/products [36m304[0m 353.707 ms - -[0m
[0mGET /api/employees [36m304[0m 415.978 ms - -[0m
[0mGET /api/companies [36m304[0m 189.627 ms - -[0m
[0mGET /api/locations [36m304[0m 249.386 ms - -[0m
[0mGET /api/parties [36m304[0m 277.256 ms - -[0m
[0mGET /api/products [36m304[0m 265.203 ms - -[0m
[0mGET /api/employees [36m304[0m 389.670 ms - -[0m
[0mGET /api/products [36m304[0m 323.439 ms - -[0m
[0mGET /api/products [36m304[0m 255.271 ms - -[0m
Updating product with data: {
  productCode: 'YRN-20T90',
  productName: 'T-shirt 2',
  productCategory: 'Accessory',
  productSubCategory: 'Button',
  specifications: '{"yarn":{"ply":"Single","twist":"S"},"thread":{"type":"Polyester","count":"30/2","color":"White","lengthPerUnit":"300m","strength":"High"},"button":{"type":"Metal","size":"20L","holes":"3","color":"Black"}}',
  inventory: '{"unitOfMeasure":"Pieces","reorderLevel":0,"reorderQuantity":0,"safetyStock":0,"currentStock":200,"batchTracking":false,"serialTracking":false,"expiryTracking":false}',
  costing: '{"standardCost":1000,"averageCost":170}',
  pricing: '[]',
  qualityParameters: '[{"parameter":"GSM","standardValue":"180","toleranceMin":"-5","toleranceMax":"+5","unit":"mm","_id":"69be6a9175ffdd515195e03e"}]',
  bom: '[]',
  images: '[]',
  status: 'Active'
}
File upload (update): undefined
Updated product: {
  specifications: {
    yarn: { ply: 'Single', twist: 'S' },
    thread: {
      type: 'Polyester',
      count: '30/2',
      color: 'White',
      lengthPerUnit: '300m',
      strength: 'High'
    },
    button: { type: 'Metal', size: '20L', holes: '3', color: 'Black' }
  },
  inventory: {
    unitOfMeasure: 'Pieces',
    reorderLevel: 0,
    reorderQuantity: 0,
    safetyStock: 0,
    currentStock: 200,
    batchTracking: false,
    serialTracking: false,
    expiryTracking: false,
    conversionFactors: [],
    stockLocation: []
  },
  costing: { standardCost: 1000, averageCost: 170 },
  _id: new ObjectId('69be6a9175ffdd515195e03d'),
  productCode: 'YRN-20T90',
  productCategory: 'Accessory',
  productSubCategory: 'Button',
  productName: 'T-shirt 2',
  pricing: [],
  qualityParameters: [
    {
      parameter: 'GSM',
      standardValue: '180',
      toleranceMin: '-5',
      toleranceMax: '+5',
      unit: 'mm',
      _id: new ObjectId('69be6a9175ffdd515195e03e')
    }
  ],
  bom: [],
  status: 'Active',
  createdBy: new ObjectId('699c58c20ed8ffc62c293bbc'),
  images: [],
  createdAt: 2026-03-21T09:53:21.300Z,
  updatedAt: 2026-03-21T10:08:25.558Z,
  __v: 0,
  updatedBy: new ObjectId('699c58c20ed8ffc62c293bbc')
}
[0mPUT /api/products/69be6a9175ffdd515195e03d [32m200[0m 246.026 ms - 1006[0m
[0mGET /api/products [32m200[0m 280.333 ms - 53750[0m
[0mGET /api/sales-enquiries [36m304[0m 320.890 ms - -[0m
[0mGET /api/sales-quotations [36m304[0m 338.932 ms - -[0m
[0mGET /api/order-allocations [36m304[0m 350.168 ms - -[0m
[0mGET /api/sales-enquiries [36m304[0m 270.440 ms - -[0m
[0mGET /api/sales-quotations [36m304[0m 386.396 ms - -[0m
[0mGET /api/order-allocations [36m304[0m 378.060 ms - -[0m
[0mGET /api/sales-orders [32m200[0m 1342.333 ms - 21425[0m
[0mGET /api/sales-orders [32m200[0m 410.571 ms - 21425[0m
[0mGET /api/parties [36m304[0m 281.595 ms - -[0m
[0mGET /api/products [36m304[0m 295.678 ms - -[0m
[0mGET /api/sales-quotations [36m304[0m 313.103 ms - -[0m
[0mGET /api/sales-orders [32m200[0m 372.188 ms - 21425[0m
[0mGET /api/parties [36m304[0m 276.807 ms - -[0m
[0mGET /api/products [36m304[0m 267.198 ms - -[0m
[0mGET /api/sales-quotations [36m304[0m 290.323 ms - -[0m
[0mGET /api/sales-orders [32m200[0m 399.341 ms - 21425[0m
[0mGET /api/products [36m304[0m 324.422 ms - -[0m
[0mGET /api/locations [36m304[0m 329.822 ms - -[0m
[0mGET /api/order-allocations [36m304[0m 347.234 ms - -[0m
[0mGET /api/sales-orders [32m200[0m 417.386 ms - 21425[0m
[0mGET /api/products [36m304[0m 247.873 ms - -[0m
[0mGET /api/locations [36m304[0m 270.572 ms - -[0m
[0mGET /api/order-allocations [36m304[0m 264.983 ms - -[0m
[0mGET /api/sales-orders [32m200[0m 357.865 ms - 21425[0m
[0mGET /api/products [36m304[0m 279.288 ms - -[0m
[0mGET /api/sales-quotations [36m304[0m 296.820 ms - -[0m
[0mGET /api/parties [36m304[0m 294.691 ms - -[0m
[0mGET /api/sales-enquiries [36m304[0m 320.279 ms - -[0m
[0mGET /api/products [36m304[0m 280.998 ms - -[0m
[0mGET /api/sales-quotations [36m304[0m 275.462 ms - -[0m
[0mGET /api/parties [36m304[0m 291.861 ms - -[0m
[0mGET /api/sales-enquiries [36m304[0m 281.464 ms - -[0m
[0mGET /api/sales-enquiries [36m304[0m 307.229 ms - -[0m
[0mGET /api/products [36m304[0m 306.019 ms - -[0m
[0mGET /api/parties [36m304[0m 313.443 ms - -[0m
[0mGET /api/employees [36m304[0m 393.909 ms - -[0m
[0mGET /api/products [36m304[0m 270.109 ms - -[0m
[0mGET /api/sales-enquiries [36m304[0m 283.522 ms - -[0m
[0mGET /api/parties [36m304[0m 319.120 ms - -[0m
[0mGET /api/employees [36m304[0m 307.222 ms - -[0m
[0mGET /api/sales-enquiries [36m304[0m 285.993 ms - -[0m
[0mGET /api/sales-quotations [36m304[0m 296.958 ms - -[0m
[0mGET /api/order-allocations [36m304[0m 311.016 ms - -[0m
[0mGET /api/sales-orders [32m200[0m 380.282 ms - 21425[0m
[0mGET /api/sales-quotations [36m304[0m 269.024 ms - -[0m
[0mGET /api/sales-enquiries [36m304[0m 297.283 ms - -[0m
[0mGET /api/order-allocations [36m304[0m 288.464 ms - -[0m
[0mGET /api/sales-orders [32m200[0m 375.856 ms - 21425[0m
[0mGET /api/purchase-enquiries [36m304[0m 289.501 ms - -[0m
[0mGET /api/purchase-orders [32m200[0m 302.911 ms - 26032[0m
[0mGET /api/purchase-invoices [36m304[0m 382.899 ms - -[0m
[0mGET /api/grns [36m304[0m 413.399 ms - -[0m
[0mGET /api/purchase-orders [32m200[0m 291.968 ms - 26032[0m
[0mGET /api/purchase-enquiries [36m304[0m 320.719 ms - -[0m
[0mGET /api/purchase-invoices [36m304[0m 298.777 ms - -[0m
[0mGET /api/grns [36m304[0m 289.668 ms - -[0m
[0mGET /api/purchase-quotations [36m304[0m 1124.761 ms - -[0m
[0mGET /api/purchase-quotations [36m304[0m 275.723 ms - -[0m
[0mGET /api/products [36m304[0m 343.996 ms - -[0m
[0mGET /api/parties [36m304[0m 347.159 ms - -[0m
[0mGET /api/purchase-quotations [36m304[0m 370.681 ms - -[0m
[0mGET /api/purchase-enquiries [36m304[0m 376.825 ms - -[0m
[0mGET /api/products [36m304[0m 289.767 ms - -[0m
[0mGET /api/parties [36m304[0m 284.459 ms - -[0m
[0mGET /api/purchase-quotations [36m304[0m 294.543 ms - -[0m
[0mGET /api/purchase-enquiries [36m304[0m 328.115 ms - -[0m
[0mGET /api/purchase-orders [32m200[0m 284.174 ms - 26032[0m
[0mGET /api/products [36m304[0m 303.319 ms - -[0m
[0mGET /api/parties [36m304[0m 307.159 ms - -[0m
[0mGET /api/purchase-quotations [36m304[0m 313.210 ms - -[0m
[0mGET /api/products [36m304[0m 276.269 ms - -[0m
[0mGET /api/purchase-orders [32m200[0m 312.279 ms - 26032[0m
[0mGET /api/purchase-quotations [36m304[0m 298.024 ms - -[0m
[0mGET /api/parties [36m304[0m 307.596 ms - -[0m
[0mGET /api/sales-enquiries [36m304[0m 296.604 ms - -[0m
[0mGET /api/sales-quotations [36m304[0m 312.848 ms - -[0m
[0mGET /api/order-allocations [36m304[0m 320.495 ms - -[0m
[0mGET /api/sales-orders [32m200[0m 380.903 ms - 21425[0m
[0mGET /api/sales-enquiries [36m304[0m 289.776 ms - -[0m
[0mGET /api/order-allocations [36m304[0m 275.449 ms - -[0m
[0mGET /api/sales-quotations [36m304[0m 305.210 ms - -[0m
[0mGET /api/sales-orders [32m200[0m 381.372 ms - 21425[0m
[0mGET /api/products [36m304[0m 321.166 ms - -[0m
[0mGET /api/parties [36m304[0m 326.437 ms - -[0m
[0mGET /api/sales-quotations [36m304[0m 340.235 ms - -[0m
[0mGET /api/sales-orders [32m200[0m 405.855 ms - 21425[0m
[0mGET /api/products [36m304[0m 290.097 ms - -[0m
[0mGET /api/sales-quotations [36m304[0m 293.331 ms - -[0m
[0mGET /api/parties [36m304[0m 313.990 ms - -[0m
[0mGET /api/sales-orders [32m200[0m 386.226 ms - 21425[0m
[0mGET /api/companies [36m304[0m 165.016 ms - -[0m
[0mGET /api/products [36m304[0m 343.470 ms - -[0m
[0mGET /api/parties [36m304[0m 355.523 ms - -[0m
[0mGET /api/locations [36m304[0m 392.843 ms - -[0m
[0mGET /api/employees [36m304[0m 415.599 ms - -[0m
[0mGET /api/companies [36m304[0m 256.588 ms - -[0m
[0mGET /api/products [36m304[0m 282.272 ms - -[0m
[0mGET /api/parties [36m304[0m 288.358 ms - -[0m
[0mGET /api/locations [36m304[0m 274.627 ms - -[0m
[0mGET /api/employees [36m304[0m 398.192 ms - -[0m
[0mGET /api/products [36m304[0m 340.765 ms - -[0m
[0mGET /api/production/plans [32m200[0m 351.058 ms - 12315[0m
[0mGET /api/sales-orders [32m200[0m 422.942 ms - 21425[0m
[0mGET /api/employees [36m304[0m 441.099 ms - -[0m
[0mGET /api/products [36m304[0m 319.992 ms - -[0m
[0mGET /api/production/plans [32m200[0m 327.611 ms - 12315[0m
[0mGET /api/sales-orders [32m200[0m 363.969 ms - 21425[0m
[0mGET /api/employees [36m304[0m 404.485 ms - -[0m
[0mGET /api/products [36m304[0m 308.413 ms - -[0m
[0mGET /api/sales-orders [32m200[0m 395.185 ms - 21425[0m
[0mGET /api/production/job-cards [32m200[0m 409.649 ms - 24921[0m
[0mGET /api/products [36m304[0m 331.840 ms - -[0m
[0mGET /api/production/job-cards [36m304[0m 380.130 ms - -[0m
[0mGET /api/sales-orders [32m200[0m 453.549 ms - 21425[0m
